2026-08-09 00:49:24,570 - aqt.main - INFO - installer 42832 aqtinstall(aqt) v3.3.0 on Python 3.14.0 [CPython MSC v.1944 64 bit (AMD64)]
2026-08-09 00:49:24,571 - aqt.helper - DEBUG - helper 42832 Attempt to download checksum at https://download.qt.io/online/qtsdkrepository/windows_x86/desktop/qt6_683/qt6_683/Updates.xml.sha256
2026-08-09 00:49:25,462 - aqt.helper - DEBUG - helper 42832 Attempt to download checksum at https://download.qt.io/online/qtsdkrepository/windows_x86/extensions/qtwebengine/683/msvc2022_64/Updates.xml.sha256
2026-08-09 00:49:26,334 - aqt.archives - INFO - archives 42832 Found extension qtwebengine
2026-08-09 00:49:26,334 - aqt.helper - DEBUG - helper 42832 Attempt to download checksum at https://download.qt.io/online/qtsdkrepository/windows_x86/extensions/qtpdf/683/msvc2022_64/Updates.xml.sha256
2026-08-09 00:49:27,143 - aqt.archives - INFO - archives 42832 Found extension qtpdf
2026-08-09 00:49:28,272 - aqt.helper - DEBUG - helper 10360 Attempt to download checksum at https://download.qt.io/online/qtsdkrepository/windows_x86/desktop/qt6_683/qt6_683/qt.qt6.683.addons.qtshadertools.win64_msvc2022_64/6.8.3-0-202503201308qtshadertools-Windows-Windows_11_23H2-MSVC2022-Windows-Windows_11_23H2-X86_64.7z.sha256
2026-08-09 00:49:28,291 - aqt.helper - DEBUG - helper 38148 Attempt to download checksum at https://download.qt.io/online/qtsdkrepository/windows_x86/desktop/qt6_683/qt6_683/qt.qt6.683.addons.qtwebsockets.win64_msvc2022_64/6.8.3-0-202503201308qtwebsockets-Windows-Windows_11_23H2-MSVC2022-Windows-Windows_11_23H2-X86_64.7z.sha256
2026-08-09 00:49:28,309 - aqt.helper - DEBUG - helper 17064 Attempt to download checksum at https://download.qt.io/online/qtsdkrepository/windows_x86/desktop/qt6_683/qt6_683/qt.qt6.683.win64_msvc2022_64/6.8.3-0-202503201308qtbase-Windows-Windows_11_23H2-MSVC2022-Windows-Windows_11_23H2-X86_64.7z.sha256
2026-08-09 00:49:28,323 - aqt.helper - DEBUG - helper 32156 Attempt to download checksum at https://download.qt.io/online/qtsdkrepository/windows_x86/desktop/qt6_683/qt6_683/qt.qt6.683.win64_msvc2022_64/6.8.3-0-202503201308qtsvg-Windows-Windows_11_23H2-MSVC2022-Windows-Windows_11_23H2-X86_64.7z.sha256
2026-08-09 00:49:29,004 - aqt.helper - INFO - helper 17064 Downloading qtbase...
2026-08-09 00:49:29,005 - aqt.installer - DEBUG - installer 17064 Download URL: https://download.qt.io/online/qtsdkrepository/windows_x86/desktop/qt6_683/qt6_683/qt.qt6.683.win64_msvc2022_64/6.8.3-0-202503201308qtbase-Windows-Windows_11_23H2-MSVC2022-Windows-Windows_11_23H2-X86_64.7z
2026-08-09 00:49:29,016 - aqt.helper - INFO - helper 10360 Downloading qtshadertools...
2026-08-09 00:49:29,016 - aqt.installer - DEBUG - installer 10360 Download URL: https://download.qt.io/online/qtsdkrepository/windows_x86/desktop/qt6_683/qt6_683/qt.qt6.683.addons.qtshadertools.win64_msvc2022_64/6.8.3-0-202503201308qtshadertools-Windows-Windows_11_23H2-MSVC2022-Windows-Windows_11_23H2-X86_64.7z
2026-08-09 00:49:29,028 - aqt.helper - INFO - helper 32156 Downloading qtsvg...
2026-08-09 00:49:29,028 - aqt.installer - DEBUG - installer 32156 Download URL: https://download.qt.io/online/qtsdkrepository/windows_x86/desktop/qt6_683/qt6_683/qt.qt6.683.win64_msvc2022_64/6.8.3-0-202503201308qtsvg-Windows-Windows_11_23H2-MSVC2022-Windows-Windows_11_23H2-X86_64.7z
2026-08-09 00:49:29,044 - aqt.helper - INFO - helper 38148 Downloading qtwebsockets...
2026-08-09 00:49:29,045 - aqt.installer - DEBUG - installer 38148 Download URL: https://download.qt.io/online/qtsdkrepository/windows_x86/desktop/qt6_683/qt6_683/qt.qt6.683.addons.qtwebsockets.win64_msvc2022_64/6.8.3-0-202503201308qtwebsockets-Windows-Windows_11_23H2-MSVC2022-Windows-Windows_11_23H2-X86_64.7z
2026-08-09 00:49:29,682 - aqt.helper - DEBUG - helper 17064 Asked to redirect(302) to: https://mirrors.20i.com/pub/qt.io/online/qtsdkrepository/windows_x86/desktop/qt6_683/qt6_683/qt.qt6.683.win64_msvc2022_64/6.8.3-0-202503201308qtbase-Windows-Windows_11_23H2-MSVC2022-Windows-Windows_11_23H2-X86_64.7z
2026-08-09 00:49:29,682 - aqt.helper - INFO - helper 17064 Redirected: mirrors.20i.com
2026-08-09 00:49:29,735 - aqt.helper - DEBUG - helper 10360 Asked to redirect(302) to: https://mirrors.20i.com/pub/qt.io/online/qtsdkrepository/windows_x86/desktop/qt6_683/qt6_683/qt.qt6.683.addons.qtshadertools.win64_msvc2022_64/6.8.3-0-202503201308qtshadertools-Windows-Windows_11_23H2-MSVC2022-Windows-Windows_11_23H2-X86_64.7z
2026-08-09 00:49:29,735 - aqt.helper - INFO - helper 10360 Redirected: mirrors.20i.com
2026-08-09 00:49:29,758 - aqt.helper - DEBUG - helper 32156 Asked to redirect(302) to: https://mirrors.20i.com/pub/qt.io/online/qtsdkrepository/windows_x86/desktop/qt6_683/qt6_683/qt.qt6.683.win64_msvc2022_64/6.8.3-0-202503201308qtsvg-Windows-Windows_11_23H2-MSVC2022-Windows-Windows_11_23H2-X86_64.7z
2026-08-09 00:49:29,758 - aqt.helper - INFO - helper 32156 Redirected: mirrors.20i.com
2026-08-09 00:49:29,759 - aqt.helper - DEBUG - helper 38148 Asked to redirect(302) to: https://mirrors.20i.com/pub/qt.io/online/qtsdkrepository/windows_x86/desktop/qt6_683/qt6_683/qt.qt6.683.addons.qtwebsockets.win64_msvc2022_64/6.8.3-0-202503201308qtwebsockets-Windows-Windows_11_23H2-MSVC2022-Windows-Windows_11_23H2-X86_64.7z
2026-08-09 00:49:29,759 - aqt.helper - INFO - helper 38148 Redirected: mirrors.20i.com
2026-08-09 00:49:30,632 - aqt.installer - INFO - installer 38148 Finished installation of qtwebsockets-Windows-Windows_11_23H2-MSVC2022-Windows-Windows_11_23H2-X86_64.7z in 2.34324100
2026-08-09 00:49:30,667 - aqt.helper - DEBUG - helper 38148 Attempt to download checksum at https://download.qt.io/online/qtsdkrepository/windows_x86/desktop/qt6_683/qt6_683/qt.qt6.683.win64_msvc2022_64/6.8.3-0-202503201308qtdeclarative-Windows-Windows_11_23H2-MSVC2022-Windows-Windows_11_23H2-X86_64.7z.sha256
2026-08-09 00:49:30,752 - aqt.installer - INFO - installer 32156 Finished installation of qtsvg-Windows-Windows_11_23H2-MSVC2022-Windows-Windows_11_23H2-X86_64.7z in 2.43090320
2026-08-09 00:49:30,790 - aqt.helper - DEBUG - helper 32156 Attempt to download checksum at https://download.qt.io/online/qtsdkrepository/windows_x86/desktop/qt6_683/qt6_683/qt.qt6.683.win64_msvc2022_64/6.8.3-0-202503201308qttools-Windows-Windows_11_23H2-MSVC2022-Windows-Windows_11_23H2-X86_64.7z.sha256
2026-08-09 00:49:31,036 - aqt.installer - INFO - installer 10360 Finished installation of qtshadertools-Windows-Windows_11_23H2-MSVC2022-Windows-Windows_11_23H2-X86_64.7z in 2.76569920
2026-08-09 00:49:31,069 - aqt.helper - DEBUG - helper 10360 Attempt to download checksum at https://download.qt.io/online/qtsdkrepository/windows_x86/desktop/qt6_683/qt6_683/qt.qt6.683.win64_msvc2022_64/6.8.3-0-202503201308qttranslations-Windows-Windows_11_23H2-MSVC2022-Windows-Windows_11_23H2-X86_64.7z.sha256
2026-08-09 00:49:31,344 - aqt.helper - INFO - helper 38148 Downloading qtdeclarative...
2026-08-09 00:49:31,346 - aqt.installer - DEBUG - installer 38148 Download URL: https://download.qt.io/online/qtsdkrepository/windows_x86/desktop/qt6_683/qt6_683/qt.qt6.683.win64_msvc2022_64/6.8.3-0-202503201308qtdeclarative-Windows-Windows_11_23H2-MSVC2022-Windows-Windows_11_23H2-X86_64.7z
2026-08-09 00:49:31,559 - aqt.helper - INFO - helper 32156 Downloading qttools...
2026-08-09 00:49:31,559 - aqt.installer - DEBUG - installer 32156 Download URL: https://download.qt.io/online/qtsdkrepository/windows_x86/desktop/qt6_683/qt6_683/qt.qt6.683.win64_msvc2022_64/6.8.3-0-202503201308qttools-Windows-Windows_11_23H2-MSVC2022-Windows-Windows_11_23H2-X86_64.7z
2026-08-09 00:49:31,879 - aqt.helper - INFO - helper 10360 Downloading qttranslations...
2026-08-09 00:49:31,879 - aqt.installer - DEBUG - installer 10360 Download URL: https://download.qt.io/online/qtsdkrepository/windows_x86/desktop/qt6_683/qt6_683/qt.qt6.683.win64_msvc2022_64/6.8.3-0-202503201308qttranslations-Windows-Windows_11_23H2-MSVC2022-Windows-Windows_11_23H2-X86_64.7z
2026-08-09 00:49:32,060 - aqt.helper - DEBUG - helper 38148 Asked to redirect(302) to: https://mirrors.20i.com/pub/qt.io/online/qtsdkrepository/windows_x86/desktop/qt6_683/qt6_683/qt.qt6.683.win64_msvc2022_64/6.8.3-0-202503201308qtdeclarative-Windows-Windows_11_23H2-MSVC2022-Windows-Windows_11_23H2-X86_64.7z
2026-08-09 00:49:32,060 - aqt.helper - INFO - helper 38148 Redirected: mirrors.20i.com
2026-08-09 00:49:32,182 - aqt.helper - DEBUG - helper 32156 Asked to redirect(302) to: https://mirrors.20i.com/pub/qt.io/online/qtsdkrepository/windows_x86/desktop/qt6_683/qt6_683/qt.qt6.683.win64_msvc2022_64/6.8.3-0-202503201308qttools-Windows-Windows_11_23H2-MSVC2022-Windows-Windows_11_23H2-X86_64.7z
2026-08-09 00:49:32,182 - aqt.helper - INFO - helper 32156 Redirected: mirrors.20i.com
2026-08-09 00:49:32,561 - aqt.helper - DEBUG - helper 10360 Asked to redirect(302) to: https://mirrors.20i.com/pub/qt.io/online/qtsdkrepository/windows_x86/desktop/qt6_683/qt6_683/qt.qt6.683.win64_msvc2022_64/6.8.3-0-202503201308qttranslations-Windows-Windows_11_23H2-MSVC2022-Windows-Windows_11_23H2-X86_64.7z
2026-08-09 00:49:32,561 - aqt.helper - INFO - helper 10360 Redirected: mirrors.20i.com
2026-08-09 00:49:34,289 - aqt.installer - INFO - installer 10360 Finished installation of qttranslations-Windows-Windows_11_23H2-MSVC2022-Windows-Windows_11_23H2-X86_64.7z in 3.23628400
2026-08-09 00:49:34,327 - aqt.helper - DEBUG - helper 10360 Attempt to download checksum at https://download.qt.io/online/qtsdkrepository/windows_x86/desktop/qt6_683/qt6_683/qt.qt6.683.win64_msvc2022_64/6.8.3-0-202503201308d3dcompiler_47-x64.7z.sha256
2026-08-09 00:49:35,311 - aqt.helper - INFO - helper 10360 Downloading d3dcompiler_47...
2026-08-09 00:49:35,311 - aqt.installer - DEBUG - installer 10360 Download URL: https://download.qt.io/online/qtsdkrepository/windows_x86/desktop/qt6_683/qt6_683/qt.qt6.683.win64_msvc2022_64/6.8.3-0-202503201308d3dcompiler_47-x64.7z
2026-08-09 00:49:36,184 - aqt.helper - DEBUG - helper 10360 Asked to redirect(302) to: https://mirrors.20i.com/pub/qt.io/online/qtsdkrepository/windows_x86/desktop/qt6_683/qt6_683/qt.qt6.683.win64_msvc2022_64/6.8.3-0-202503201308d3dcompiler_47-x64.7z
2026-08-09 00:49:36,184 - aqt.helper - INFO - helper 10360 Redirected: mirrors.20i.com
2026-08-09 00:49:37,525 - aqt.installer - INFO - installer 10360 Finished installation of d3dcompiler_47-x64.7z in 3.22045170
2026-08-09 00:49:37,572 - aqt.helper - DEBUG - helper 10360 Attempt to download checksum at https://download.qt.io/online/qtsdkrepository/windows_x86/desktop/qt6_683/qt6_683/qt.qt6.683.win64_msvc2022_64/6.8.3-0-202503201308opengl32sw-64-mesa_11_2_2-signed_sha256.7z.sha256
2026-08-09 00:49:38,090 - aqt.helper - INFO - helper 10360 Downloading opengl32sw...
2026-08-09 00:49:38,091 - aqt.installer - DEBUG - installer 10360 Download URL: https://download.qt.io/online/qtsdkrepository/windows_x86/desktop/qt6_683/qt6_683/qt.qt6.683.win64_msvc2022_64/6.8.3-0-202503201308opengl32sw-64-mesa_11_2_2-signed_sha256.7z
2026-08-09 00:49:38,169 - aqt.installer - INFO - installer 32156 Finished installation of qttools-Windows-Windows_11_23H2-MSVC2022-Windows-Windows_11_23H2-X86_64.7z in 7.39912360
2026-08-09 00:49:38,622 - aqt.helper - DEBUG - helper 10360 Asked to redirect(302) to: https://mirrors.20i.com/pub/qt.io/online/qtsdkrepository/windows_x86/desktop/qt6_683/qt6_683/qt.qt6.683.win64_msvc2022_64/6.8.3-0-202503201308opengl32sw-64-mesa_11_2_2-signed_sha256.7z
2026-08-09 00:49:38,622 - aqt.helper - INFO - helper 10360 Redirected: mirrors.20i.com
2026-08-09 00:49:39,728 - aqt.installer - INFO - installer 10360 Finished installation of opengl32sw-64-mesa_11_2_2-signed_sha256.7z in 2.18429000
2026-08-09 00:49:43,289 - aqt.installer - INFO - installer 17064 Finished installation of qtbase-Windows-Windows_11_23H2-MSVC2022-Windows-Windows_11_23H2-X86_64.7z in 14.98241780
2026-08-09 00:50:01,130 - aqt.installer - INFO - installer 38148 Finished installation of qtdeclarative-Windows-Windows_11_23H2-MSVC2022-Windows-Windows_11_23H2-X86_64.7z in 30.48245520
2026-08-09 00:50:01,409 - aqt.updater - INFO - updater 42832 Patching C:\Qt\6.8.3\msvc2022_64\bin\qmake.exe
2026-08-09 00:50:01,415 - aqt.updater - INFO - updater 42832 Patching C:\Qt\6.8.3\msvc2022_64\lib\Qt6Concurrent.prl
2026-08-09 00:50:01,423 - aqt.updater - INFO - updater 42832 Patching C:\Qt\6.8.3\msvc2022_64\lib\Qt6Concurrentd.prl
2026-08-09 00:50:01,432 - aqt.updater - INFO - updater 42832 Patching C:\Qt\6.8.3\msvc2022_64\lib\Qt6Core.prl
2026-08-09 00:50:01,438 - aqt.updater - INFO - updater 42832 Patching C:\Qt\6.8.3\msvc2022_64\lib\Qt6Cored.prl
2026-08-09 00:50:01,448 - aqt.updater - INFO - updater 42832 Patching C:\Qt\6.8.3\msvc2022_64\lib\Qt6DBus.prl
2026-08-09 00:50:01,455 - aqt.updater - INFO - updater 42832 Patching C:\Qt\6.8.3\msvc2022_64\lib\Qt6DBusd.prl
2026-08-09 00:50:01,463 - aqt.updater - INFO - updater 42832 Patching C:\Qt\6.8.3\msvc2022_64\lib\Qt6Designer.prl
2026-08-09 00:50:01,470 - aqt.updater - INFO - updater 42832 Patching C:\Qt\6.8.3\msvc2022_64\lib\Qt6DesignerComponents.prl
2026-08-09 00:50:01,479 - aqt.updater - INFO - updater 42832 Patching C:\Qt\6.8.3\msvc2022_64\lib\Qt6DesignerComponentsd.prl
2026-08-09 00:50:01,486 - aqt.updater - INFO - updater 42832 Patching C:\Qt\6.8.3\msvc2022_64\lib\Qt6Designerd.prl
2026-08-09 00:50:01,494 - aqt.updater - INFO - updater 42832 Patching C:\Qt\6.8.3\msvc2022_64\lib\Qt6DeviceDiscoverySupport.prl
2026-08-09 00:50:01,503 - aqt.updater - INFO - updater 42832 Patching C:\Qt\6.8.3\msvc2022_64\lib\Qt6DeviceDiscoverySupportd.prl
2026-08-09 00:50:01,512 - aqt.updater - INFO - updater 42832 Patching C:\Qt\6.8.3\msvc2022_64\lib\Qt6EntryPoint.prl
2026-08-09 00:50:01,518 - aqt.updater - INFO - updater 42832 Patching C:\Qt\6.8.3\msvc2022_64\lib\Qt6EntryPointd.prl
2026-08-09 00:50:01,526 - aqt.updater - INFO - updater 42832 Patching C:\Qt\6.8.3\msvc2022_64\lib\Qt6ExampleIcons.prl
2026-08-09 00:50:01,537 - aqt.updater - INFO - updater 42832 Patching C:\Qt\6.8.3\msvc2022_64\lib\Qt6ExampleIconsd.prl
2026-08-09 00:50:01,546 - aqt.updater - INFO - updater 42832 Patching C:\Qt\6.8.3\msvc2022_64\lib\Qt6ExamplesAssetDownloader.prl
2026-08-09 00:50:01,553 - aqt.updater - INFO - updater 42832 Patching C:\Qt\6.8.3\msvc2022_64\lib\Qt6ExamplesAssetDownloaderd.prl
2026-08-09 00:50:01,563 - aqt.updater - INFO - updater 42832 Patching C:\Qt\6.8.3\msvc2022_64\lib\Qt6FbSupport.prl
2026-08-09 00:50:01,570 - aqt.updater - INFO - updater 42832 Patching C:\Qt\6.8.3\msvc2022_64\lib\Qt6FbSupportd.prl
2026-08-09 00:50:01,581 - aqt.updater - INFO - updater 42832 Patching C:\Qt\6.8.3\msvc2022_64\lib\Qt6Gui.prl
2026-08-09 00:50:01,589 - aqt.updater - INFO - updater 42832 Patching C:\Qt\6.8.3\msvc2022_64\lib\Qt6Guid.prl
2026-08-09 00:50:01,597 - aqt.updater - INFO - updater 42832 Patching C:\Qt\6.8.3\msvc2022_64\lib\Qt6Help.prl
2026-08-09 00:50:01,604 - aqt.updater - INFO - updater 42832 Patching C:\Qt\6.8.3\msvc2022_64\lib\Qt6Helpd.prl
2026-08-09 00:50:01,626 - aqt.updater - INFO - updater 42832 Patching C:\Qt\6.8.3\msvc2022_64\lib\Qt6LabsAnimation.prl
2026-08-09 00:50:01,648 - aqt.updater - INFO - updater 42832 Patching C:\Qt\6.8.3\msvc2022_64\lib\Qt6LabsAnimationd.prl
2026-08-09 00:50:01,667 - aqt.updater - INFO - updater 42832 Patching C:\Qt\6.8.3\msvc2022_64\lib\Qt6LabsFolderListModel.prl
2026-08-09 00:50:01,686 - aqt.updater - INFO - updater 42832 Patching C:\Qt\6.8.3\msvc2022_64\lib\Qt6LabsFolderListModeld.prl
2026-08-09 00:50:01,710 - aqt.updater - INFO - updater 42832 Patching C:\Qt\6.8.3\msvc2022_64\lib\Qt6LabsPlatform.prl
2026-08-09 00:50:01,726 - aqt.updater - INFO - updater 42832 Patching C:\Qt\6.8.3\msvc2022_64\lib\Qt6LabsPlatformd.prl
2026-08-09 00:50:01,752 - aqt.updater - INFO - updater 42832 Patching C:\Qt\6.8.3\msvc2022_64\lib\Qt6LabsQmlModels.prl
2026-08-09 00:50:01,767 - aqt.updater - INFO - updater 42832 Patching C:\Qt\6.8.3\msvc2022_64\lib\Qt6LabsQmlModelsd.prl
2026-08-09 00:50:01,786 - aqt.updater - INFO - updater 42832 Patching C:\Qt\6.8.3\msvc2022_64\lib\Qt6LabsSettings.prl
2026-08-09 00:50:01,800 - aqt.updater - INFO - updater 42832 Patching C:\Qt\6.8.3\msvc2022_64\lib\Qt6LabsSettingsd.prl
2026-08-09 00:50:01,815 - aqt.updater - INFO - updater 42832 Patching C:\Qt\6.8.3\msvc2022_64\lib\Qt6LabsSharedImage.prl
2026-08-09 00:50:01,840 - aqt.updater - INFO - updater 42832 Patching C:\Qt\6.8.3\msvc2022_64\lib\Qt6LabsSharedImaged.prl
2026-08-09 00:50:01,863 - aqt.updater - INFO - updater 42832 Patching C:\Qt\6.8.3\msvc2022_64\lib\Qt6LabsWavefrontMesh.prl
2026-08-09 00:50:01,881 - aqt.updater - INFO - updater 42832 Patching C:\Qt\6.8.3\msvc2022_64\lib\Qt6LabsWavefrontMeshd.prl
2026-08-09 00:50:01,897 - aqt.updater - INFO - updater 42832 Patching C:\Qt\6.8.3\msvc2022_64\lib\Qt6Network.prl
2026-08-09 00:50:01,915 - aqt.updater - INFO - updater 42832 Patching C:\Qt\6.8.3\msvc2022_64\lib\Qt6Networkd.prl
2026-08-09 00:50:01,935 - aqt.updater - INFO - updater 42832 Patching C:\Qt\6.8.3\msvc2022_64\lib\Qt6OpenGL.prl
2026-08-09 00:50:01,960 - aqt.updater - INFO - updater 42832 Patching C:\Qt\6.8.3\msvc2022_64\lib\Qt6OpenGLd.prl
2026-08-09 00:50:01,987 - aqt.updater - INFO - updater 42832 Patching C:\Qt\6.8.3\msvc2022_64\lib\Qt6OpenGLWidgets.prl
2026-08-09 00:50:02,005 - aqt.updater - INFO - updater 42832 Patching C:\Qt\6.8.3\msvc2022_64\lib\Qt6OpenGLWidgetsd.prl
2026-08-09 00:50:02,024 - aqt.updater - INFO - updater 42832 Patching C:\Qt\6.8.3\msvc2022_64\lib\Qt6PacketProtocol.prl
2026-08-09 00:50:02,046 - aqt.updater - INFO - updater 42832 Patching C:\Qt\6.8.3\msvc2022_64\lib\Qt6PacketProtocold.prl
2026-08-09 00:50:02,070 - aqt.updater - INFO - updater 42832 Patching C:\Qt\6.8.3\msvc2022_64\lib\Qt6PrintSupport.prl
2026-08-09 00:50:02,089 - aqt.updater - INFO - updater 42832 Patching C:\Qt\6.8.3\msvc2022_64\lib\Qt6PrintSupportd.prl
2026-08-09 00:50:02,109 - aqt.updater - INFO - updater 42832 Patching C:\Qt\6.8.3\msvc2022_64\lib\Qt6Qml.prl
2026-08-09 00:50:02,129 - aqt.updater - INFO - updater 42832 Patching C:\Qt\6.8.3\msvc2022_64\lib\Qt6QmlAssetDownloader.prl
2026-08-09 00:50:02,159 - aqt.updater - INFO - updater 42832 Patching C:\Qt\6.8.3\msvc2022_64\lib\Qt6QmlAssetDownloaderd.prl
2026-08-09 00:50:02,183 - aqt.updater - INFO - updater 42832 Patching C:\Qt\6.8.3\msvc2022_64\lib\Qt6QmlCompiler.prl
2026-08-09 00:50:02,202 - aqt.updater - INFO - updater 42832 Patching C:\Qt\6.8.3\msvc2022_64\lib\Qt6QmlCompilerd.prl
2026-08-09 00:50:02,227 - aqt.updater - INFO - updater 42832 Patching C:\Qt\6.8.3\msvc2022_64\lib\Qt6QmlCore.prl
2026-08-09 00:50:02,252 - aqt.updater - INFO - updater 42832 Patching C:\Qt\6.8.3\msvc2022_64\lib\Qt6QmlCored.prl
2026-08-09 00:50:02,274 - aqt.updater - INFO - updater 42832 Patching C:\Qt\6.8.3\msvc2022_64\lib\Qt6Qmld.prl
2026-08-09 00:50:02,297 - aqt.updater - INFO - updater 42832 Patching C:\Qt\6.8.3\msvc2022_64\lib\Qt6QmlDebug.prl
2026-08-09 00:50:02,323 - aqt.updater - INFO - updater 42832 Patching C:\Qt\6.8.3\msvc2022_64\lib\Qt6QmlDebugd.prl
2026-08-09 00:50:02,347 - aqt.updater - INFO - updater 42832 Patching C:\Qt\6.8.3\msvc2022_64\lib\Qt6QmlDom.prl
2026-08-09 00:50:02,367 - aqt.updater - INFO - updater 42832 Patching C:\Qt\6.8.3\msvc2022_64\lib\Qt6QmlDomd.prl
2026-08-09 00:50:02,387 - aqt.updater - INFO - updater 42832 Patching C:\Qt\6.8.3\msvc2022_64\lib\Qt6QmlLocalStorage.prl
2026-08-09 00:50:02,413 - aqt.updater - INFO - updater 42832 Patching C:\Qt\6.8.3\msvc2022_64\lib\Qt6QmlLocalStoraged.prl
2026-08-09 00:50:02,436 - aqt.updater - INFO - updater 42832 Patching C:\Qt\6.8.3\msvc2022_64\lib\Qt6QmlLS.prl
2026-08-09 00:50:02,458 - aqt.updater - INFO - updater 42832 Patching C:\Qt\6.8.3\msvc2022_64\lib\Qt6QmlLSd.prl
2026-08-09 00:50:02,478 - aqt.updater - INFO - updater 42832 Patching C:\Qt\6.8.3\msvc2022_64\lib\Qt6QmlMeta.prl
2026-08-09 00:50:02,499 - aqt.updater - INFO - updater 42832 Patching C:\Qt\6.8.3\msvc2022_64\lib\Qt6QmlMetad.prl
2026-08-09 00:50:02,523 - aqt.updater - INFO - updater 42832 Patching C:\Qt\6.8.3\msvc2022_64\lib\Qt6QmlModels.prl
2026-08-09 00:50:02,544 - aqt.updater - INFO - updater 42832 Patching C:\Qt\6.8.3\msvc2022_64\lib\Qt6QmlModelsd.prl
2026-08-09 00:50:02,567 - aqt.updater - INFO - updater 42832 Patching C:\Qt\6.8.3\msvc2022_64\lib\Qt6QmlNetwork.prl
2026-08-09 00:50:02,584 - aqt.updater - INFO - updater 42832 Patching C:\Qt\6.8.3\msvc2022_64\lib\Qt6QmlNetworkd.prl
2026-08-09 00:50:02,603 - aqt.updater - INFO - updater 42832 Patching C:\Qt\6.8.3\msvc2022_64\lib\Qt6QmlToolingSettings.prl
2026-08-09 00:50:02,631 - aqt.updater - INFO - updater 42832 Patching C:\Qt\6.8.3\msvc2022_64\lib\Qt6QmlToolingSettingsd.prl
2026-08-09 00:50:02,649 - aqt.updater - INFO - updater 42832 Patching C:\Qt\6.8.3\msvc2022_64\lib\Qt6QmlTypeRegistrar.prl
2026-08-09 00:50:02,670 - aqt.updater - INFO - updater 42832 Patching C:\Qt\6.8.3\msvc2022_64\lib\Qt6QmlTypeRegistrard.prl
2026-08-09 00:50:02,692 - aqt.updater - INFO - updater 42832 Patching C:\Qt\6.8.3\msvc2022_64\lib\Qt6QmlWorkerScript.prl
2026-08-09 00:50:02,712 - aqt.updater - INFO - updater 42832 Patching C:\Qt\6.8.3\msvc2022_64\lib\Qt6QmlWorkerScriptd.prl
2026-08-09 00:50:02,732 - aqt.updater - INFO - updater 42832 Patching C:\Qt\6.8.3\msvc2022_64\lib\Qt6QmlXmlListModel.prl
2026-08-09 00:50:02,756 - aqt.updater - INFO - updater 42832 Patching C:\Qt\6.8.3\msvc2022_64\lib\Qt6QmlXmlListModeld.prl
2026-08-09 00:50:02,778 - aqt.updater - INFO - updater 42832 Patching C:\Qt\6.8.3\msvc2022_64\lib\Qt6Quick.prl
2026-08-09 00:50:02,797 - aqt.updater - INFO - updater 42832 Patching C:\Qt\6.8.3\msvc2022_64\lib\Qt6QuickControls2.prl
2026-08-09 00:50:02,816 - aqt.updater - INFO - updater 42832 Patching C:\Qt\6.8.3\msvc2022_64\lib\Qt6QuickControls2Basic.prl
2026-08-09 00:50:02,835 - aqt.updater - INFO - updater 42832 Patching C:\Qt\6.8.3\msvc2022_64\lib\Qt6QuickControls2Basicd.prl
2026-08-09 00:50:02,852 - aqt.updater - INFO - updater 42832 Patching C:\Qt\6.8.3\msvc2022_64\lib\Qt6QuickControls2BasicStyleImpl.prl
2026-08-09 00:50:02,872 - aqt.updater - INFO - updater 42832 Patching C:\Qt\6.8.3\msvc2022_64\lib\Qt6QuickControls2BasicStyleImpld.prl
2026-08-09 00:50:02,895 - aqt.updater - INFO - updater 42832 Patching C:\Qt\6.8.3\msvc2022_64\lib\Qt6QuickControls2d.prl
2026-08-09 00:50:02,911 - aqt.updater - INFO - updater 42832 Patching C:\Qt\6.8.3\msvc2022_64\lib\Qt6QuickControls2FluentWinUI3StyleImpl.prl
2026-08-09 00:50:02,936 - aqt.updater - INFO - updater 42832 Patching C:\Qt\6.8.3\msvc2022_64\lib\Qt6QuickControls2FluentWinUI3StyleImpld.prl
2026-08-09 00:50:02,952 - aqt.updater - INFO - updater 42832 Patching C:\Qt\6.8.3\msvc2022_64\lib\Qt6QuickControls2Fusion.prl
2026-08-09 00:50:02,973 - aqt.updater - INFO - updater 42832 Patching C:\Qt\6.8.3\msvc2022_64\lib\Qt6QuickControls2Fusiond.prl
2026-08-09 00:50:02,998 - aqt.updater - INFO - updater 42832 Patching C:\Qt\6.8.3\msvc2022_64\lib\Qt6QuickControls2FusionStyleImpl.prl
2026-08-09 00:50:03,015 - aqt.updater - INFO - updater 42832 Patching C:\Qt\6.8.3\msvc2022_64\lib\Qt6QuickControls2FusionStyleImpld.prl
2026-08-09 00:50:03,042 - aqt.updater - INFO - updater 42832 Patching C:\Qt\6.8.3\msvc2022_64\lib\Qt6QuickControls2Imagine.prl
2026-08-09 00:50:03,063 - aqt.updater - INFO - updater 42832 Patching C:\Qt\6.8.3\msvc2022_64\lib\Qt6QuickControls2Imagined.prl
2026-08-09 00:50:03,086 - aqt.updater - INFO - updater 42832 Patching C:\Qt\6.8.3\msvc2022_64\lib\Qt6QuickControls2ImagineStyleImpl.prl
2026-08-09 00:50:03,112 - aqt.updater - INFO - updater 42832 Patching C:\Qt\6.8.3\msvc2022_64\lib\Qt6QuickControls2ImagineStyleImpld.prl
2026-08-09 00:50:03,127 - aqt.updater - INFO - updater 42832 Patching C:\Qt\6.8.3\msvc2022_64\lib\Qt6QuickControls2Impl.prl
2026-08-09 00:50:03,145 - aqt.updater - INFO - updater 42832 Patching C:\Qt\6.8.3\msvc2022_64\lib\Qt6QuickControls2Impld.prl
2026-08-09 00:50:03,160 - aqt.updater - INFO - updater 42832 Patching C:\Qt\6.8.3\msvc2022_64\lib\Qt6QuickControls2Material.prl
2026-08-09 00:50:03,182 - aqt.updater - INFO - updater 42832 Patching C:\Qt\6.8.3\msvc2022_64\lib\Qt6QuickControls2Materiald.prl
2026-08-09 00:50:03,208 - aqt.updater - INFO - updater 42832 Patching C:\Qt\6.8.3\msvc2022_64\lib\Qt6QuickControls2MaterialStyleImpl.prl
2026-08-09 00:50:03,232 - aqt.updater - INFO - updater 42832 Patching C:\Qt\6.8.3\msvc2022_64\lib\Qt6QuickControls2MaterialStyleImpld.prl
2026-08-09 00:50:03,252 - aqt.updater - INFO - updater 42832 Patching C:\Qt\6.8.3\msvc2022_64\lib\Qt6QuickControls2Universal.prl
2026-08-09 00:50:03,266 - aqt.updater - INFO - updater 42832 Patching C:\Qt\6.8.3\msvc2022_64\lib\Qt6QuickControls2Universald.prl
2026-08-09 00:50:03,283 - aqt.updater - INFO - updater 42832 Patching C:\Qt\6.8.3\msvc2022_64\lib\Qt6QuickControls2UniversalStyleImpl.prl
2026-08-09 00:50:03,310 - aqt.updater - INFO - updater 42832 Patching C:\Qt\6.8.3\msvc2022_64\lib\Qt6QuickControls2UniversalStyleImpld.prl
2026-08-09 00:50:03,335 - aqt.updater - INFO - updater 42832 Patching C:\Qt\6.8.3\msvc2022_64\lib\Qt6QuickControls2WindowsStyleImpl.prl
2026-08-09 00:50:03,355 - aqt.updater - INFO - updater 42832 Patching C:\Qt\6.8.3\msvc2022_64\lib\Qt6QuickControls2WindowsStyleImpld.prl
2026-08-09 00:50:03,374 - aqt.updater - INFO - updater 42832 Patching C:\Qt\6.8.3\msvc2022_64\lib\Qt6QuickControlsTestUtils.prl
2026-08-09 00:50:03,388 - aqt.updater - INFO - updater 42832 Patching C:\Qt\6.8.3\msvc2022_64\lib\Qt6QuickControlsTestUtilsd.prl
2026-08-09 00:50:03,411 - aqt.updater - INFO - updater 42832 Patching C:\Qt\6.8.3\msvc2022_64\lib\Qt6Quickd.prl
2026-08-09 00:50:03,431 - aqt.updater - INFO - updater 42832 Patching C:\Qt\6.8.3\msvc2022_64\lib\Qt6QuickDialogs2.prl
2026-08-09 00:50:03,450 - aqt.updater - INFO - updater 42832 Patching C:\Qt\6.8.3\msvc2022_64\lib\Qt6QuickDialogs2d.prl
2026-08-09 00:50:03,470 - aqt.updater - INFO - updater 42832 Patching C:\Qt\6.8.3\msvc2022_64\lib\Qt6QuickDialogs2QuickImpl.prl
2026-08-09 00:50:03,488 - aqt.updater - INFO - updater 42832 Patching C:\Qt\6.8.3\msvc2022_64\lib\Qt6QuickDialogs2QuickImpld.prl
2026-08-09 00:50:03,510 - aqt.updater - INFO - updater 42832 Patching C:\Qt\6.8.3\msvc2022_64\lib\Qt6QuickDialogs2Utils.prl
2026-08-09 00:50:03,533 - aqt.updater - INFO - updater 42832 Patching C:\Qt\6.8.3\msvc2022_64\lib\Qt6QuickDialogs2Utilsd.prl
2026-08-09 00:50:03,551 - aqt.updater - INFO - updater 42832 Patching C:\Qt\6.8.3\msvc2022_64\lib\Qt6QuickEffects.prl
2026-08-09 00:50:03,571 - aqt.updater - INFO - updater 42832 Patching C:\Qt\6.8.3\msvc2022_64\lib\Qt6QuickEffectsd.prl
2026-08-09 00:50:03,593 - aqt.updater - INFO - updater 42832 Patching C:\Qt\6.8.3\msvc2022_64\lib\Qt6QuickLayouts.prl
2026-08-09 00:50:03,611 - aqt.updater - INFO - updater 42832 Patching C:\Qt\6.8.3\msvc2022_64\lib\Qt6QuickLayoutsd.prl
2026-08-09 00:50:03,626 - aqt.updater - INFO - updater 42832 Patching C:\Qt\6.8.3\msvc2022_64\lib\Qt6QuickParticles.prl
2026-08-09 00:50:03,651 - aqt.updater - INFO - updater 42832 Patching C:\Qt\6.8.3\msvc2022_64\lib\Qt6QuickParticlesd.prl
2026-08-09 00:50:03,670 - aqt.updater - INFO - updater 42832 Patching C:\Qt\6.8.3\msvc2022_64\lib\Qt6QuickShapes.prl
2026-08-09 00:50:03,688 - aqt.updater - INFO - updater 42832 Patching C:\Qt\6.8.3\msvc2022_64\lib\Qt6QuickShapesd.prl
2026-08-09 00:50:03,710 - aqt.updater - INFO - updater 42832 Patching C:\Qt\6.8.3\msvc2022_64\lib\Qt6QuickTemplates2.prl
2026-08-09 00:50:03,729 - aqt.updater - INFO - updater 42832 Patching C:\Qt\6.8.3\msvc2022_64\lib\Qt6QuickTemplates2d.prl
2026-08-09 00:50:03,751 - aqt.updater - INFO - updater 42832 Patching C:\Qt\6.8.3\msvc2022_64\lib\Qt6QuickTest.prl
2026-08-09 00:50:03,769 - aqt.updater - INFO - updater 42832 Patching C:\Qt\6.8.3\msvc2022_64\lib\Qt6QuickTestd.prl
2026-08-09 00:50:03,788 - aqt.updater - INFO - updater 42832 Patching C:\Qt\6.8.3\msvc2022_64\lib\Qt6QuickTestUtils.prl
2026-08-09 00:50:03,805 - aqt.updater - INFO - updater 42832 Patching C:\Qt\6.8.3\msvc2022_64\lib\Qt6QuickTestUtilsd.prl
2026-08-09 00:50:03,826 - aqt.updater - INFO - updater 42832 Patching C:\Qt\6.8.3\msvc2022_64\lib\Qt6QuickVectorImage.prl
2026-08-09 00:50:03,853 - aqt.updater - INFO - updater 42832 Patching C:\Qt\6.8.3\msvc2022_64\lib\Qt6QuickVectorImaged.prl
2026-08-09 00:50:03,871 - aqt.updater - INFO - updater 42832 Patching C:\Qt\6.8.3\msvc2022_64\lib\Qt6QuickVectorImageGenerator.prl
2026-08-09 00:50:03,893 - aqt.updater - INFO - updater 42832 Patching C:\Qt\6.8.3\msvc2022_64\lib\Qt6QuickVectorImageGeneratord.prl
2026-08-09 00:50:03,909 - aqt.updater - INFO - updater 42832 Patching C:\Qt\6.8.3\msvc2022_64\lib\Qt6QuickWidgets.prl
2026-08-09 00:50:03,933 - aqt.updater - INFO - updater 42832 Patching C:\Qt\6.8.3\msvc2022_64\lib\Qt6QuickWidgetsd.prl
2026-08-09 00:50:03,952 - aqt.updater - INFO - updater 42832 Patching C:\Qt\6.8.3\msvc2022_64\lib\Qt6ShaderTools.prl
2026-08-09 00:50:03,971 - aqt.updater - INFO - updater 42832 Patching C:\Qt\6.8.3\msvc2022_64\lib\Qt6ShaderToolsd.prl
2026-08-09 00:50:03,993 - aqt.updater - INFO - updater 42832 Patching C:\Qt\6.8.3\msvc2022_64\lib\Qt6Sql.prl
2026-08-09 00:50:04,010 - aqt.updater - INFO - updater 42832 Patching C:\Qt\6.8.3\msvc2022_64\lib\Qt6Sqld.prl
2026-08-09 00:50:04,030 - aqt.updater - INFO - updater 42832 Patching C:\Qt\6.8.3\msvc2022_64\lib\Qt6Svg.prl
2026-08-09 00:50:04,057 - aqt.updater - INFO - updater 42832 Patching C:\Qt\6.8.3\msvc2022_64\lib\Qt6Svgd.prl
2026-08-09 00:50:04,080 - aqt.updater - INFO - updater 42832 Patching C:\Qt\6.8.3\msvc2022_64\lib\Qt6SvgWidgets.prl
2026-08-09 00:50:04,093 - aqt.updater - INFO - updater 42832 Patching C:\Qt\6.8.3\msvc2022_64\lib\Qt6SvgWidgetsd.prl
2026-08-09 00:50:04,116 - aqt.updater - INFO - updater 42832 Patching C:\Qt\6.8.3\msvc2022_64\lib\Qt6Test.prl
2026-08-09 00:50:04,134 - aqt.updater - INFO - updater 42832 Patching C:\Qt\6.8.3\msvc2022_64\lib\Qt6Testd.prl
2026-08-09 00:50:04,150 - aqt.updater - INFO - updater 42832 Patching C:\Qt\6.8.3\msvc2022_64\lib\Qt6UiTools.prl
2026-08-09 00:50:04,173 - aqt.updater - INFO - updater 42832 Patching C:\Qt\6.8.3\msvc2022_64\lib\Qt6UiToolsd.prl
2026-08-09 00:50:04,199 - aqt.updater - INFO - updater 42832 Patching C:\Qt\6.8.3\msvc2022_64\lib\Qt6WebSockets.prl
2026-08-09 00:50:04,214 - aqt.updater - INFO - updater 42832 Patching C:\Qt\6.8.3\msvc2022_64\lib\Qt6WebSocketsd.prl
2026-08-09 00:50:04,235 - aqt.updater - INFO - updater 42832 Patching C:\Qt\6.8.3\msvc2022_64\lib\Qt6Widgets.prl
2026-08-09 00:50:04,251 - aqt.updater - INFO - updater 42832 Patching C:\Qt\6.8.3\msvc2022_64\lib\Qt6Widgetsd.prl
2026-08-09 00:50:04,273 - aqt.updater - INFO - updater 42832 Patching C:\Qt\6.8.3\msvc2022_64\lib\Qt6Xml.prl
2026-08-09 00:50:04,291 - aqt.updater - INFO - updater 42832 Patching C:\Qt\6.8.3\msvc2022_64\lib\Qt6Xmld.prl
2026-08-09 00:50:04,314 - aqt.main - INFO - installer 42832 Finished installation
2026-08-09 00:50:04,314 - aqt.main - INFO - installer 42832 Time elapsed: 39.74351280 second
2026-08-09 00:50:25,556 - aqt.main - INFO - installer 34192 aqtinstall(aqt) v3.3.0 on Python 3.14.0 [CPython MSC v.1944 64 bit (AMD64)]
2026-08-09 00:50:25,569 - aqt.helper - DEBUG - helper 34192 Attempt to download checksum at https://download.qt.io/online/qtsdkrepository/windows_x86/desktop/tools_cmake/Updates.xml.sha256
2026-08-09 00:50:26,400 - aqt.helper - DEBUG - helper 34192 Attempt to download checksum at https://download.qt.io/online/qtsdkrepository/windows_x86/desktop/tools_cmake/Updates.xml.sha256
2026-08-09 00:50:28,194 - aqt.helper - DEBUG - helper 36032 Attempt to download checksum at https://download.qt.io/online/qtsdkrepository/windows_x86/desktop/tools_cmake/qt.tools.cmake/3.30.5-202502251255windows64_x64_cmake_tools.7z.sha256
2026-08-09 00:50:28,594 - aqt.helper - INFO - helper 36032 Downloading qt.tools.cmake...
2026-08-09 00:50:28,594 - aqt.installer - DEBUG - installer 36032 Download URL: https://download.qt.io/online/qtsdkrepository/windows_x86/desktop/tools_cmake/qt.tools.cmake/3.30.5-202502251255windows64_x64_cmake_tools.7z
2026-08-09 00:50:29,007 - aqt.helper - DEBUG - helper 36032 Asked to redirect(302) to: https://mirrors.20i.com/pub/qt.io/online/qtsdkrepository/windows_x86/desktop/tools_cmake/qt.tools.cmake/3.30.5-202502251255windows64_x64_cmake_tools.7z
2026-08-09 00:50:29,008 - aqt.helper - INFO - helper 36032 Redirected: mirrors.20i.com
2026-08-09 00:50:42,086 - aqt.installer - INFO - installer 36032 Finished installation of windows64_x64_cmake_tools.7z in 13.89318700
2026-08-09 00:50:42,221 - aqt.main - INFO - installer 34192 Finished installation
2026-08-09 00:50:42,221 - aqt.main - INFO - installer 34192 Time elapsed: 16.66441860 second
2026-08-09 01:39:14,025 - aqt.main - INFO - installer 12000 aqtinstall(aqt) v3.3.0 on Python 3.14.0 [CPython MSC v.1944 64 bit (AMD64)]
2026-08-09 01:39:14,938 - aqt.helper - DEBUG - helper 12000 Attempt to download checksum at https://download.qt.io/online/qtsdkrepository/windows_x86/desktop/qt6_683/qt6_683/Updates.xml.sha256
2026-08-09 01:39:15,947 - aqt.helper - DEBUG - helper 12000 Attempt to download checksum at https://download.qt.io/online/qtsdkrepository/windows_x86/extensions/qtwebengine/683/msvc2022_64/Updates.xml.sha256
2026-08-09 01:39:16,979 - aqt.archives - INFO - archives 12000 Found extension qtwebengine
2026-08-09 01:39:16,980 - aqt.helper - DEBUG - helper 12000 Attempt to download checksum at https://download.qt.io/online/qtsdkrepository/windows_x86/extensions/qtpdf/683/msvc2022_64/Updates.xml.sha256
2026-08-09 01:39:17,807 - aqt.archives - INFO - archives 12000 Found extension qtpdf
2026-08-09 01:39:18,934 - aqt.helper - DEBUG - helper 4836 Attempt to download checksum at https://download.qt.io/online/qtsdkrepository/windows_x86/desktop/qt6_683/qt6_683/qt.qt6.683.addons.qtmultimedia.win64_msvc2022_64/6.8.3-0-202503201308qtmultimedia-Windows-Windows_11_23H2-MSVC2022-Windows-Windows_11_23H2-X86_64.7z.sha256
2026-08-09 01:39:18,935 - aqt.helper - DEBUG - helper 26696 Attempt to download checksum at https://download.qt.io/online/qtsdkrepository/windows_x86/desktop/qt6_683/qt6_683/qt.qt6.683.win64_msvc2022_64/6.8.3-0-202503201308qtbase-Windows-Windows_11_23H2-MSVC2022-Windows-Windows_11_23H2-X86_64.7z.sha256
2026-08-09 01:39:18,973 - aqt.helper - DEBUG - helper 41968 Attempt to download checksum at https://download.qt.io/online/qtsdkrepository/windows_x86/desktop/qt6_683/qt6_683/qt.qt6.683.win64_msvc2022_64/6.8.3-0-202503201308qtsvg-Windows-Windows_11_23H2-MSVC2022-Windows-Windows_11_23H2-X86_64.7z.sha256
2026-08-09 01:39:18,997 - aqt.helper - DEBUG - helper 16880 Attempt to download checksum at https://download.qt.io/online/qtsdkrepository/windows_x86/desktop/qt6_683/qt6_683/qt.qt6.683.win64_msvc2022_64/6.8.3-0-202503201308qtdeclarative-Windows-Windows_11_23H2-MSVC2022-Windows-Windows_11_23H2-X86_64.7z.sha256
2026-08-09 01:39:19,618 - aqt.helper - INFO - helper 4836 Downloading qtmultimedia...
2026-08-09 01:39:19,618 - aqt.installer - DEBUG - installer 4836 Download URL: https://download.qt.io/online/qtsdkrepository/windows_x86/desktop/qt6_683/qt6_683/qt.qt6.683.addons.qtmultimedia.win64_msvc2022_64/6.8.3-0-202503201308qtmultimedia-Windows-Windows_11_23H2-MSVC2022-Windows-Windows_11_23H2-X86_64.7z
2026-08-09 01:39:19,675 - aqt.helper - INFO - helper 16880 Downloading qtdeclarative...
2026-08-09 01:39:19,675 - aqt.installer - DEBUG - installer 16880 Download URL: https://download.qt.io/online/qtsdkrepository/windows_x86/desktop/qt6_683/qt6_683/qt.qt6.683.win64_msvc2022_64/6.8.3-0-202503201308qtdeclarative-Windows-Windows_11_23H2-MSVC2022-Windows-Windows_11_23H2-X86_64.7z
2026-08-09 01:39:19,686 - aqt.helper - INFO - helper 41968 Downloading qtsvg...
2026-08-09 01:39:19,687 - aqt.installer - DEBUG - installer 41968 Download URL: https://download.qt.io/online/qtsdkrepository/windows_x86/desktop/qt6_683/qt6_683/qt.qt6.683.win64_msvc2022_64/6.8.3-0-202503201308qtsvg-Windows-Windows_11_23H2-MSVC2022-Windows-Windows_11_23H2-X86_64.7z
2026-08-09 01:39:19,704 - aqt.helper - INFO - helper 26696 Downloading qtbase...
2026-08-09 01:39:19,704 - aqt.installer - DEBUG - installer 26696 Download URL: https://download.qt.io/online/qtsdkrepository/windows_x86/desktop/qt6_683/qt6_683/qt.qt6.683.win64_msvc2022_64/6.8.3-0-202503201308qtbase-Windows-Windows_11_23H2-MSVC2022-Windows-Windows_11_23H2-X86_64.7z
2026-08-09 01:39:20,202 - aqt.helper - DEBUG - helper 4836 Asked to redirect(302) to: https://mirrors.20i.com/pub/qt.io/online/qtsdkrepository/windows_x86/desktop/qt6_683/qt6_683/qt.qt6.683.addons.qtmultimedia.win64_msvc2022_64/6.8.3-0-202503201308qtmultimedia-Windows-Windows_11_23H2-MSVC2022-Windows-Windows_11_23H2-X86_64.7z
2026-08-09 01:39:20,202 - aqt.helper - INFO - helper 4836 Redirected: mirrors.20i.com
2026-08-09 01:39:20,396 - aqt.helper - DEBUG - helper 26696 Asked to redirect(302) to: https://mirrors.20i.com/pub/qt.io/online/qtsdkrepository/windows_x86/desktop/qt6_683/qt6_683/qt.qt6.683.win64_msvc2022_64/6.8.3-0-202503201308qtbase-Windows-Windows_11_23H2-MSVC2022-Windows-Windows_11_23H2-X86_64.7z
2026-08-09 01:39:20,396 - aqt.helper - INFO - helper 26696 Redirected: mirrors.20i.com
2026-08-09 01:39:20,398 - aqt.helper - DEBUG - helper 41968 Asked to redirect(302) to: https://mirrors.20i.com/pub/qt.io/online/qtsdkrepository/windows_x86/desktop/qt6_683/qt6_683/qt.qt6.683.win64_msvc2022_64/6.8.3-0-202503201308qtsvg-Windows-Windows_11_23H2-MSVC2022-Windows-Windows_11_23H2-X86_64.7z
2026-08-09 01:39:20,398 - aqt.helper - INFO - helper 41968 Redirected: mirrors.20i.com
2026-08-09 01:39:20,502 - aqt.helper - DEBUG - helper 16880 Asked to redirect(302) to: https://mirrors.20i.com/pub/qt.io/online/qtsdkrepository/windows_x86/desktop/qt6_683/qt6_683/qt.qt6.683.win64_msvc2022_64/6.8.3-0-202503201308qtdeclarative-Windows-Windows_11_23H2-MSVC2022-Windows-Windows_11_23H2-X86_64.7z
2026-08-09 01:39:20,502 - aqt.helper - INFO - helper 16880 Redirected: mirrors.20i.com
2026-08-09 01:39:21,802 - aqt.installer - INFO - installer 41968 Finished installation of qtsvg-Windows-Windows_11_23H2-MSVC2022-Windows-Windows_11_23H2-X86_64.7z in 2.83120030
2026-08-09 01:39:21,837 - aqt.helper - DEBUG - helper 41968 Attempt to download checksum at https://download.qt.io/online/qtsdkrepository/windows_x86/desktop/qt6_683/qt6_683/qt.qt6.683.win64_msvc2022_64/6.8.3-0-202503201308qttools-Windows-Windows_11_23H2-MSVC2022-Windows-Windows_11_23H2-X86_64.7z.sha256
2026-08-09 01:39:22,518 - aqt.helper - INFO - helper 41968 Downloading qttools...
2026-08-09 01:39:22,518 - aqt.installer - DEBUG - installer 41968 Download URL: https://download.qt.io/online/qtsdkrepository/windows_x86/desktop/qt6_683/qt6_683/qt.qt6.683.win64_msvc2022_64/6.8.3-0-202503201308qttools-Windows-Windows_11_23H2-MSVC2022-Windows-Windows_11_23H2-X86_64.7z
2026-08-09 01:39:23,088 - aqt.helper - DEBUG - helper 41968 Asked to redirect(302) to: https://mirrors.20i.com/pub/qt.io/online/qtsdkrepository/windows_x86/desktop/qt6_683/qt6_683/qt.qt6.683.win64_msvc2022_64/6.8.3-0-202503201308qttools-Windows-Windows_11_23H2-MSVC2022-Windows-Windows_11_23H2-X86_64.7z
2026-08-09 01:39:23,088 - aqt.helper - INFO - helper 41968 Redirected: mirrors.20i.com
2026-08-09 01:39:28,146 - aqt.installer - INFO - installer 4836 Finished installation of qtmultimedia-Windows-Windows_11_23H2-MSVC2022-Windows-Windows_11_23H2-X86_64.7z in 9.21850050
2026-08-09 01:39:28,186 - aqt.helper - DEBUG - helper 4836 Attempt to download checksum at https://download.qt.io/online/qtsdkrepository/windows_x86/desktop/qt6_683/qt6_683/qt.qt6.683.win64_msvc2022_64/6.8.3-0-202503201308qttranslations-Windows-Windows_11_23H2-MSVC2022-Windows-Windows_11_23H2-X86_64.7z.sha256
2026-08-09 01:39:28,701 - aqt.helper - INFO - helper 4836 Downloading qttranslations...
2026-08-09 01:39:28,701 - aqt.installer - DEBUG - installer 4836 Download URL: https://download.qt.io/online/qtsdkrepository/windows_x86/desktop/qt6_683/qt6_683/qt.qt6.683.win64_msvc2022_64/6.8.3-0-202503201308qttranslations-Windows-Windows_11_23H2-MSVC2022-Windows-Windows_11_23H2-X86_64.7z
2026-08-09 01:39:29,234 - aqt.helper - DEBUG - helper 4836 Asked to redirect(302) to: https://mirrors.20i.com/pub/qt.io/online/qtsdkrepository/windows_x86/desktop/qt6_683/qt6_683/qt.qt6.683.win64_msvc2022_64/6.8.3-0-202503201308qttranslations-Windows-Windows_11_23H2-MSVC2022-Windows-Windows_11_23H2-X86_64.7z
2026-08-09 01:39:29,234 - aqt.helper - INFO - helper 4836 Redirected: mirrors.20i.com
2026-08-09 01:39:30,607 - aqt.installer - INFO - installer 41968 Finished installation of qttools-Windows-Windows_11_23H2-MSVC2022-Windows-Windows_11_23H2-X86_64.7z in 8.78672690
2026-08-09 01:39:30,646 - aqt.helper - DEBUG - helper 41968 Attempt to download checksum at https://download.qt.io/online/qtsdkrepository/windows_x86/desktop/qt6_683/qt6_683/qt.qt6.683.win64_msvc2022_64/6.8.3-0-202503201308d3dcompiler_47-x64.7z.sha256
2026-08-09 01:39:31,066 - aqt.installer - INFO - installer 4836 Finished installation of qttranslations-Windows-Windows_11_23H2-MSVC2022-Windows-Windows_11_23H2-X86_64.7z in 2.89857840
2026-08-09 01:39:31,100 - aqt.helper - DEBUG - helper 4836 Attempt to download checksum at https://download.qt.io/online/qtsdkrepository/windows_x86/desktop/qt6_683/qt6_683/qt.qt6.683.win64_msvc2022_64/6.8.3-0-202503201308opengl32sw-64-mesa_11_2_2-signed_sha256.7z.sha256
2026-08-09 01:39:31,136 - aqt.helper - INFO - helper 41968 Downloading d3dcompiler_47...
2026-08-09 01:39:31,136 - aqt.installer - DEBUG - installer 41968 Download URL: https://download.qt.io/online/qtsdkrepository/windows_x86/desktop/qt6_683/qt6_683/qt.qt6.683.win64_msvc2022_64/6.8.3-0-202503201308d3dcompiler_47-x64.7z
2026-08-09 01:39:31,749 - aqt.helper - INFO - helper 4836 Downloading opengl32sw...
2026-08-09 01:39:31,750 - aqt.installer - DEBUG - installer 4836 Download URL: https://download.qt.io/online/qtsdkrepository/windows_x86/desktop/qt6_683/qt6_683/qt.qt6.683.win64_msvc2022_64/6.8.3-0-202503201308opengl32sw-64-mesa_11_2_2-signed_sha256.7z
2026-08-09 01:39:31,785 - aqt.helper - DEBUG - helper 41968 Asked to redirect(302) to: https://mirrors.20i.com/pub/qt.io/online/qtsdkrepository/windows_x86/desktop/qt6_683/qt6_683/qt.qt6.683.win64_msvc2022_64/6.8.3-0-202503201308d3dcompiler_47-x64.7z
2026-08-09 01:39:31,785 - aqt.helper - INFO - helper 41968 Redirected: mirrors.20i.com
2026-08-09 01:39:32,370 - aqt.helper - DEBUG - helper 4836 Asked to redirect(302) to: https://mirrors.20i.com/pub/qt.io/online/qtsdkrepository/windows_x86/desktop/qt6_683/qt6_683/qt.qt6.683.win64_msvc2022_64/6.8.3-0-202503201308opengl32sw-64-mesa_11_2_2-signed_sha256.7z
2026-08-09 01:39:32,370 - aqt.helper - INFO - helper 4836 Redirected: mirrors.20i.com
2026-08-09 01:39:32,608 - aqt.installer - INFO - installer 41968 Finished installation of d3dcompiler_47-x64.7z in 1.98127750
2026-08-09 01:39:33,592 - aqt.installer - INFO - installer 4836 Finished installation of opengl32sw-64-mesa_11_2_2-signed_sha256.7z in 2.51241760
2026-08-09 01:39:34,811 - aqt.installer - INFO - installer 26696 Finished installation of qtbase-Windows-Windows_11_23H2-MSVC2022-Windows-Windows_11_23H2-X86_64.7z in 15.88045170
2026-08-09 01:39:53,310 - aqt.installer - INFO - installer 16880 Finished installation of qtdeclarative-Windows-Windows_11_23H2-MSVC2022-Windows-Windows_11_23H2-X86_64.7z in 34.31422880
2026-08-09 01:39:53,591 - aqt.updater - INFO - updater 12000 Patching C:\Qt\6.8.3\msvc2022_64\bin\qmake.exe
2026-08-09 01:39:53,596 - aqt.updater - INFO - updater 12000 Patching C:\Qt\6.8.3\msvc2022_64\lib\Qt6Concurrent.prl
2026-08-09 01:39:53,606 - aqt.updater - INFO - updater 12000 Patching C:\Qt\6.8.3\msvc2022_64\lib\Qt6Concurrentd.prl
2026-08-09 01:39:53,612 - aqt.updater - INFO - updater 12000 Patching C:\Qt\6.8.3\msvc2022_64\lib\Qt6Core.prl
2026-08-09 01:39:53,623 - aqt.updater - INFO - updater 12000 Patching C:\Qt\6.8.3\msvc2022_64\lib\Qt6Cored.prl
2026-08-09 01:39:53,631 - aqt.updater - INFO - updater 12000 Patching C:\Qt\6.8.3\msvc2022_64\lib\Qt6DBus.prl
2026-08-09 01:39:53,639 - aqt.updater - INFO - updater 12000 Patching C:\Qt\6.8.3\msvc2022_64\lib\Qt6DBusd.prl
2026-08-09 01:39:53,645 - aqt.updater - INFO - updater 12000 Patching C:\Qt\6.8.3\msvc2022_64\lib\Qt6Designer.prl
2026-08-09 01:39:53,654 - aqt.updater - INFO - updater 12000 Patching C:\Qt\6.8.3\msvc2022_64\lib\Qt6DesignerComponents.prl
2026-08-09 01:39:53,661 - aqt.updater - INFO - updater 12000 Patching C:\Qt\6.8.3\msvc2022_64\lib\Qt6DesignerComponentsd.prl
2026-08-09 01:39:53,673 - aqt.updater - INFO - updater 12000 Patching C:\Qt\6.8.3\msvc2022_64\lib\Qt6Designerd.prl
2026-08-09 01:39:53,687 - aqt.updater - INFO - updater 12000 Patching C:\Qt\6.8.3\msvc2022_64\lib\Qt6DeviceDiscoverySupport.prl
2026-08-09 01:39:53,696 - aqt.updater - INFO - updater 12000 Patching C:\Qt\6.8.3\msvc2022_64\lib\Qt6DeviceDiscoverySupportd.prl
2026-08-09 01:39:53,705 - aqt.updater - INFO - updater 12000 Patching C:\Qt\6.8.3\msvc2022_64\lib\Qt6EntryPoint.prl
2026-08-09 01:39:53,713 - aqt.updater - INFO - updater 12000 Patching C:\Qt\6.8.3\msvc2022_64\lib\Qt6EntryPointd.prl
2026-08-09 01:39:53,721 - aqt.updater - INFO - updater 12000 Patching C:\Qt\6.8.3\msvc2022_64\lib\Qt6ExampleIcons.prl
2026-08-09 01:39:53,728 - aqt.updater - INFO - updater 12000 Patching C:\Qt\6.8.3\msvc2022_64\lib\Qt6ExampleIconsd.prl
2026-08-09 01:39:53,737 - aqt.updater - INFO - updater 12000 Patching C:\Qt\6.8.3\msvc2022_64\lib\Qt6ExamplesAssetDownloader.prl
2026-08-09 01:39:53,744 - aqt.updater - INFO - updater 12000 Patching C:\Qt\6.8.3\msvc2022_64\lib\Qt6ExamplesAssetDownloaderd.prl
2026-08-09 01:39:53,752 - aqt.updater - INFO - updater 12000 Patching C:\Qt\6.8.3\msvc2022_64\lib\Qt6FbSupport.prl
2026-08-09 01:39:53,758 - aqt.updater - INFO - updater 12000 Patching C:\Qt\6.8.3\msvc2022_64\lib\Qt6FbSupportd.prl
2026-08-09 01:39:53,765 - aqt.updater - INFO - updater 12000 Patching C:\Qt\6.8.3\msvc2022_64\lib\Qt6FFmpegMediaPluginImpl.prl
2026-08-09 01:39:53,774 - aqt.updater - INFO - updater 12000 Patching C:\Qt\6.8.3\msvc2022_64\lib\Qt6FFmpegMediaPluginImpld.prl
2026-08-09 01:39:53,781 - aqt.updater - INFO - updater 12000 Patching C:\Qt\6.8.3\msvc2022_64\lib\Qt6Gui.prl
2026-08-09 01:39:53,789 - aqt.updater - INFO - updater 12000 Patching C:\Qt\6.8.3\msvc2022_64\lib\Qt6Guid.prl
2026-08-09 01:39:53,795 - aqt.updater - INFO - updater 12000 Patching C:\Qt\6.8.3\msvc2022_64\lib\Qt6Help.prl
2026-08-09 01:39:53,803 - aqt.updater - INFO - updater 12000 Patching C:\Qt\6.8.3\msvc2022_64\lib\Qt6Helpd.prl
2026-08-09 01:39:53,809 - aqt.updater - INFO - updater 12000 Patching C:\Qt\6.8.3\msvc2022_64\lib\Qt6LabsAnimation.prl
2026-08-09 01:39:53,816 - aqt.updater - INFO - updater 12000 Patching C:\Qt\6.8.3\msvc2022_64\lib\Qt6LabsAnimationd.prl
2026-08-09 01:39:53,824 - aqt.updater - INFO - updater 12000 Patching C:\Qt\6.8.3\msvc2022_64\lib\Qt6LabsFolderListModel.prl
2026-08-09 01:39:53,846 - aqt.updater - INFO - updater 12000 Patching C:\Qt\6.8.3\msvc2022_64\lib\Qt6LabsFolderListModeld.prl
2026-08-09 01:39:53,854 - aqt.updater - INFO - updater 12000 Patching C:\Qt\6.8.3\msvc2022_64\lib\Qt6LabsPlatform.prl
2026-08-09 01:39:53,860 - aqt.updater - INFO - updater 12000 Patching C:\Qt\6.8.3\msvc2022_64\lib\Qt6LabsPlatformd.prl
2026-08-09 01:39:53,867 - aqt.updater - INFO - updater 12000 Patching C:\Qt\6.8.3\msvc2022_64\lib\Qt6LabsQmlModels.prl
2026-08-09 01:39:53,886 - aqt.updater - INFO - updater 12000 Patching C:\Qt\6.8.3\msvc2022_64\lib\Qt6LabsQmlModelsd.prl
2026-08-09 01:39:53,893 - aqt.updater - INFO - updater 12000 Patching C:\Qt\6.8.3\msvc2022_64\lib\Qt6LabsSettings.prl
2026-08-09 01:39:53,900 - aqt.updater - INFO - updater 12000 Patching C:\Qt\6.8.3\msvc2022_64\lib\Qt6LabsSettingsd.prl
2026-08-09 01:39:53,919 - aqt.updater - INFO - updater 12000 Patching C:\Qt\6.8.3\msvc2022_64\lib\Qt6LabsSharedImage.prl
2026-08-09 01:39:53,925 - aqt.updater - INFO - updater 12000 Patching C:\Qt\6.8.3\msvc2022_64\lib\Qt6LabsSharedImaged.prl
2026-08-09 01:39:53,944 - aqt.updater - INFO - updater 12000 Patching C:\Qt\6.8.3\msvc2022_64\lib\Qt6LabsWavefrontMesh.prl
2026-08-09 01:39:53,953 - aqt.updater - INFO - updater 12000 Patching C:\Qt\6.8.3\msvc2022_64\lib\Qt6LabsWavefrontMeshd.prl
2026-08-09 01:39:53,976 - aqt.updater - INFO - updater 12000 Patching C:\Qt\6.8.3\msvc2022_64\lib\Qt6Multimedia.prl
2026-08-09 01:39:53,995 - aqt.updater - INFO - updater 12000 Patching C:\Qt\6.8.3\msvc2022_64\lib\Qt6Multimediad.prl
2026-08-09 01:39:54,003 - aqt.updater - INFO - updater 12000 Patching C:\Qt\6.8.3\msvc2022_64\lib\Qt6MultimediaQuick.prl
2026-08-09 01:39:54,010 - aqt.updater - INFO - updater 12000 Patching C:\Qt\6.8.3\msvc2022_64\lib\Qt6MultimediaQuickd.prl
2026-08-09 01:39:54,019 - aqt.updater - INFO - updater 12000 Patching C:\Qt\6.8.3\msvc2022_64\lib\Qt6MultimediaTestLib.prl
2026-08-09 01:39:54,027 - aqt.updater - INFO - updater 12000 Patching C:\Qt\6.8.3\msvc2022_64\lib\Qt6MultimediaTestLibd.prl
2026-08-09 01:39:54,033 - aqt.updater - INFO - updater 12000 Patching C:\Qt\6.8.3\msvc2022_64\lib\Qt6MultimediaWidgets.prl
2026-08-09 01:39:54,054 - aqt.updater - INFO - updater 12000 Patching C:\Qt\6.8.3\msvc2022_64\lib\Qt6MultimediaWidgetsd.prl
2026-08-09 01:39:54,062 - aqt.updater - INFO - updater 12000 Patching C:\Qt\6.8.3\msvc2022_64\lib\Qt6Network.prl
2026-08-09 01:39:54,079 - aqt.updater - INFO - updater 12000 Patching C:\Qt\6.8.3\msvc2022_64\lib\Qt6Networkd.prl
2026-08-09 01:39:54,102 - aqt.updater - INFO - updater 12000 Patching C:\Qt\6.8.3\msvc2022_64\lib\Qt6OpenGL.prl
2026-08-09 01:39:54,124 - aqt.updater - INFO - updater 12000 Patching C:\Qt\6.8.3\msvc2022_64\lib\Qt6OpenGLd.prl
2026-08-09 01:39:54,144 - aqt.updater - INFO - updater 12000 Patching C:\Qt\6.8.3\msvc2022_64\lib\Qt6OpenGLWidgets.prl
2026-08-09 01:39:54,162 - aqt.updater - INFO - updater 12000 Patching C:\Qt\6.8.3\msvc2022_64\lib\Qt6OpenGLWidgetsd.prl
2026-08-09 01:39:54,172 - aqt.updater - INFO - updater 12000 Patching C:\Qt\6.8.3\msvc2022_64\lib\Qt6PacketProtocol.prl
2026-08-09 01:39:54,191 - aqt.updater - INFO - updater 12000 Patching C:\Qt\6.8.3\msvc2022_64\lib\Qt6PacketProtocold.prl
2026-08-09 01:39:54,198 - aqt.updater - INFO - updater 12000 Patching C:\Qt\6.8.3\msvc2022_64\lib\Qt6PrintSupport.prl
2026-08-09 01:39:54,207 - aqt.updater - INFO - updater 12000 Patching C:\Qt\6.8.3\msvc2022_64\lib\Qt6PrintSupportd.prl
2026-08-09 01:39:54,214 - aqt.updater - INFO - updater 12000 Patching C:\Qt\6.8.3\msvc2022_64\lib\Qt6Qml.prl
2026-08-09 01:39:54,221 - aqt.updater - INFO - updater 12000 Patching C:\Qt\6.8.3\msvc2022_64\lib\Qt6QmlAssetDownloader.prl
2026-08-09 01:39:54,228 - aqt.updater - INFO - updater 12000 Patching C:\Qt\6.8.3\msvc2022_64\lib\Qt6QmlAssetDownloaderd.prl
2026-08-09 01:39:54,247 - aqt.updater - INFO - updater 12000 Patching C:\Qt\6.8.3\msvc2022_64\lib\Qt6QmlCompiler.prl
2026-08-09 01:39:54,263 - aqt.updater - INFO - updater 12000 Patching C:\Qt\6.8.3\msvc2022_64\lib\Qt6QmlCompilerd.prl
2026-08-09 01:39:54,285 - aqt.updater - INFO - updater 12000 Patching C:\Qt\6.8.3\msvc2022_64\lib\Qt6QmlCore.prl
2026-08-09 01:39:54,308 - aqt.updater - INFO - updater 12000 Patching C:\Qt\6.8.3\msvc2022_64\lib\Qt6QmlCored.prl
2026-08-09 01:39:54,325 - aqt.updater - INFO - updater 12000 Patching C:\Qt\6.8.3\msvc2022_64\lib\Qt6Qmld.prl
2026-08-09 01:39:54,342 - aqt.updater - INFO - updater 12000 Patching C:\Qt\6.8.3\msvc2022_64\lib\Qt6QmlDebug.prl
2026-08-09 01:39:54,361 - aqt.updater - INFO - updater 12000 Patching C:\Qt\6.8.3\msvc2022_64\lib\Qt6QmlDebugd.prl
2026-08-09 01:39:54,370 - aqt.updater - INFO - updater 12000 Patching C:\Qt\6.8.3\msvc2022_64\lib\Qt6QmlDom.prl
2026-08-09 01:39:54,378 - aqt.updater - INFO - updater 12000 Patching C:\Qt\6.8.3\msvc2022_64\lib\Qt6QmlDomd.prl
2026-08-09 01:39:54,386 - aqt.updater - INFO - updater 12000 Patching C:\Qt\6.8.3\msvc2022_64\lib\Qt6QmlLocalStorage.prl
2026-08-09 01:39:54,404 - aqt.updater - INFO - updater 12000 Patching C:\Qt\6.8.3\msvc2022_64\lib\Qt6QmlLocalStoraged.prl
2026-08-09 01:39:54,410 - aqt.updater - INFO - updater 12000 Patching C:\Qt\6.8.3\msvc2022_64\lib\Qt6QmlLS.prl
2026-08-09 01:39:54,430 - aqt.updater - INFO - updater 12000 Patching C:\Qt\6.8.3\msvc2022_64\lib\Qt6QmlLSd.prl
2026-08-09 01:39:54,457 - aqt.updater - INFO - updater 12000 Patching C:\Qt\6.8.3\msvc2022_64\lib\Qt6QmlMeta.prl
2026-08-09 01:39:54,485 - aqt.updater - INFO - updater 12000 Patching C:\Qt\6.8.3\msvc2022_64\lib\Qt6QmlMetad.prl
2026-08-09 01:39:54,507 - aqt.updater - INFO - updater 12000 Patching C:\Qt\6.8.3\msvc2022_64\lib\Qt6QmlModels.prl
2026-08-09 01:39:54,526 - aqt.updater - INFO - updater 12000 Patching C:\Qt\6.8.3\msvc2022_64\lib\Qt6QmlModelsd.prl
2026-08-09 01:39:54,544 - aqt.updater - INFO - updater 12000 Patching C:\Qt\6.8.3\msvc2022_64\lib\Qt6QmlNetwork.prl
2026-08-09 01:39:54,562 - aqt.updater - INFO - updater 12000 Patching C:\Qt\6.8.3\msvc2022_64\lib\Qt6QmlNetworkd.prl
2026-08-09 01:39:54,583 - aqt.updater - INFO - updater 12000 Patching C:\Qt\6.8.3\msvc2022_64\lib\Qt6QmlToolingSettings.prl
2026-08-09 01:39:54,596 - aqt.updater - INFO - updater 12000 Patching C:\Qt\6.8.3\msvc2022_64\lib\Qt6QmlToolingSettingsd.prl
2026-08-09 01:39:54,615 - aqt.updater - INFO - updater 12000 Patching C:\Qt\6.8.3\msvc2022_64\lib\Qt6QmlTypeRegistrar.prl
2026-08-09 01:39:54,637 - aqt.updater - INFO - updater 12000 Patching C:\Qt\6.8.3\msvc2022_64\lib\Qt6QmlTypeRegistrard.prl
2026-08-09 01:39:54,660 - aqt.updater - INFO - updater 12000 Patching C:\Qt\6.8.3\msvc2022_64\lib\Qt6QmlWorkerScript.prl
2026-08-09 01:39:54,681 - aqt.updater - INFO - updater 12000 Patching C:\Qt\6.8.3\msvc2022_64\lib\Qt6QmlWorkerScriptd.prl
2026-08-09 01:39:54,697 - aqt.updater - INFO - updater 12000 Patching C:\Qt\6.8.3\msvc2022_64\lib\Qt6QmlXmlListModel.prl
2026-08-09 01:39:54,715 - aqt.updater - INFO - updater 12000 Patching C:\Qt\6.8.3\msvc2022_64\lib\Qt6QmlXmlListModeld.prl
2026-08-09 01:39:54,738 - aqt.updater - INFO - updater 12000 Patching C:\Qt\6.8.3\msvc2022_64\lib\Qt6Quick.prl
2026-08-09 01:39:54,758 - aqt.updater - INFO - updater 12000 Patching C:\Qt\6.8.3\msvc2022_64\lib\Qt6Quick3DSpatialAudio.prl
2026-08-09 01:39:54,781 - aqt.updater - INFO - updater 12000 Patching C:\Qt\6.8.3\msvc2022_64\lib\Qt6Quick3DSpatialAudiod.prl
2026-08-09 01:39:54,803 - aqt.updater - INFO - updater 12000 Patching C:\Qt\6.8.3\msvc2022_64\lib\Qt6QuickControls2.prl
2026-08-09 01:39:54,826 - aqt.updater - INFO - updater 12000 Patching C:\Qt\6.8.3\msvc2022_64\lib\Qt6QuickControls2Basic.prl
2026-08-09 01:39:54,847 - aqt.updater - INFO - updater 12000 Patching C:\Qt\6.8.3\msvc2022_64\lib\Qt6QuickControls2Basicd.prl
2026-08-09 01:39:54,868 - aqt.updater - INFO - updater 12000 Patching C:\Qt\6.8.3\msvc2022_64\lib\Qt6QuickControls2BasicStyleImpl.prl
2026-08-09 01:39:54,903 - aqt.updater - INFO - updater 12000 Patching C:\Qt\6.8.3\msvc2022_64\lib\Qt6QuickControls2BasicStyleImpld.prl
2026-08-09 01:39:54,917 - aqt.updater - INFO - updater 12000 Patching C:\Qt\6.8.3\msvc2022_64\lib\Qt6QuickControls2d.prl
2026-08-09 01:39:54,939 - aqt.updater - INFO - updater 12000 Patching C:\Qt\6.8.3\msvc2022_64\lib\Qt6QuickControls2FluentWinUI3StyleImpl.prl
2026-08-09 01:39:54,956 - aqt.updater - INFO - updater 12000 Patching C:\Qt\6.8.3\msvc2022_64\lib\Qt6QuickControls2FluentWinUI3StyleImpld.prl
2026-08-09 01:39:54,980 - aqt.updater - INFO - updater 12000 Patching C:\Qt\6.8.3\msvc2022_64\lib\Qt6QuickControls2Fusion.prl
2026-08-09 01:39:55,003 - aqt.updater - INFO - updater 12000 Patching C:\Qt\6.8.3\msvc2022_64\lib\Qt6QuickControls2Fusiond.prl
2026-08-09 01:39:55,022 - aqt.updater - INFO - updater 12000 Patching C:\Qt\6.8.3\msvc2022_64\lib\Qt6QuickControls2FusionStyleImpl.prl
2026-08-09 01:39:55,044 - aqt.updater - INFO - updater 12000 Patching C:\Qt\6.8.3\msvc2022_64\lib\Qt6QuickControls2FusionStyleImpld.prl
2026-08-09 01:39:55,063 - aqt.updater - INFO - updater 12000 Patching C:\Qt\6.8.3\msvc2022_64\lib\Qt6QuickControls2Imagine.prl
2026-08-09 01:39:55,090 - aqt.updater - INFO - updater 12000 Patching C:\Qt\6.8.3\msvc2022_64\lib\Qt6QuickControls2Imagined.prl
2026-08-09 01:39:55,107 - aqt.updater - INFO - updater 12000 Patching C:\Qt\6.8.3\msvc2022_64\lib\Qt6QuickControls2ImagineStyleImpl.prl
2026-08-09 01:39:55,134 - aqt.updater - INFO - updater 12000 Patching C:\Qt\6.8.3\msvc2022_64\lib\Qt6QuickControls2ImagineStyleImpld.prl
2026-08-09 01:39:55,154 - aqt.updater - INFO - updater 12000 Patching C:\Qt\6.8.3\msvc2022_64\lib\Qt6QuickControls2Impl.prl
2026-08-09 01:39:55,177 - aqt.updater - INFO - updater 12000 Patching C:\Qt\6.8.3\msvc2022_64\lib\Qt6QuickControls2Impld.prl
2026-08-09 01:39:55,202 - aqt.updater - INFO - updater 12000 Patching C:\Qt\6.8.3\msvc2022_64\lib\Qt6QuickControls2Material.prl
2026-08-09 01:39:55,224 - aqt.updater - INFO - updater 12000 Patching C:\Qt\6.8.3\msvc2022_64\lib\Qt6QuickControls2Materiald.prl
2026-08-09 01:39:55,251 - aqt.updater - INFO - updater 12000 Patching C:\Qt\6.8.3\msvc2022_64\lib\Qt6QuickControls2MaterialStyleImpl.prl
2026-08-09 01:39:55,275 - aqt.updater - INFO - updater 12000 Patching C:\Qt\6.8.3\msvc2022_64\lib\Qt6QuickControls2MaterialStyleImpld.prl
2026-08-09 01:39:55,295 - aqt.updater - INFO - updater 12000 Patching C:\Qt\6.8.3\msvc2022_64\lib\Qt6QuickControls2Universal.prl
2026-08-09 01:39:55,304 - aqt.updater - INFO - updater 12000 Patching C:\Qt\6.8.3\msvc2022_64\lib\Qt6QuickControls2Universald.prl
2026-08-09 01:39:55,310 - aqt.updater - INFO - updater 12000 Patching C:\Qt\6.8.3\msvc2022_64\lib\Qt6QuickControls2UniversalStyleImpl.prl
2026-08-09 01:39:55,333 - aqt.updater - INFO - updater 12000 Patching C:\Qt\6.8.3\msvc2022_64\lib\Qt6QuickControls2UniversalStyleImpld.prl
2026-08-09 01:39:55,357 - aqt.updater - INFO - updater 12000 Patching C:\Qt\6.8.3\msvc2022_64\lib\Qt6QuickControls2WindowsStyleImpl.prl
2026-08-09 01:39:55,375 - aqt.updater - INFO - updater 12000 Patching C:\Qt\6.8.3\msvc2022_64\lib\Qt6QuickControls2WindowsStyleImpld.prl
2026-08-09 01:39:55,395 - aqt.updater - INFO - updater 12000 Patching C:\Qt\6.8.3\msvc2022_64\lib\Qt6QuickControlsTestUtils.prl
2026-08-09 01:39:55,417 - aqt.updater - INFO - updater 12000 Patching C:\Qt\6.8.3\msvc2022_64\lib\Qt6QuickControlsTestUtilsd.prl
2026-08-09 01:39:55,441 - aqt.updater - INFO - updater 12000 Patching C:\Qt\6.8.3\msvc2022_64\lib\Qt6Quickd.prl
2026-08-09 01:39:55,460 - aqt.updater - INFO - updater 12000 Patching C:\Qt\6.8.3\msvc2022_64\lib\Qt6QuickDialogs2.prl
2026-08-09 01:39:55,478 - aqt.updater - INFO - updater 12000 Patching C:\Qt\6.8.3\msvc2022_64\lib\Qt6QuickDialogs2d.prl
2026-08-09 01:39:55,501 - aqt.updater - INFO - updater 12000 Patching C:\Qt\6.8.3\msvc2022_64\lib\Qt6QuickDialogs2QuickImpl.prl
2026-08-09 01:39:55,519 - aqt.updater - INFO - updater 12000 Patching C:\Qt\6.8.3\msvc2022_64\lib\Qt6QuickDialogs2QuickImpld.prl
2026-08-09 01:39:55,538 - aqt.updater - INFO - updater 12000 Patching C:\Qt\6.8.3\msvc2022_64\lib\Qt6QuickDialogs2Utils.prl
2026-08-09 01:39:55,560 - aqt.updater - INFO - updater 12000 Patching C:\Qt\6.8.3\msvc2022_64\lib\Qt6QuickDialogs2Utilsd.prl
2026-08-09 01:39:55,582 - aqt.updater - INFO - updater 12000 Patching C:\Qt\6.8.3\msvc2022_64\lib\Qt6QuickEffects.prl
2026-08-09 01:39:55,603 - aqt.updater - INFO - updater 12000 Patching C:\Qt\6.8.3\msvc2022_64\lib\Qt6QuickEffectsd.prl
2026-08-09 01:39:55,623 - aqt.updater - INFO - updater 12000 Patching C:\Qt\6.8.3\msvc2022_64\lib\Qt6QuickLayouts.prl
2026-08-09 01:39:55,642 - aqt.updater - INFO - updater 12000 Patching C:\Qt\6.8.3\msvc2022_64\lib\Qt6QuickLayoutsd.prl
2026-08-09 01:39:55,661 - aqt.updater - INFO - updater 12000 Patching C:\Qt\6.8.3\msvc2022_64\lib\Qt6QuickParticles.prl
2026-08-09 01:39:55,685 - aqt.updater - INFO - updater 12000 Patching C:\Qt\6.8.3\msvc2022_64\lib\Qt6QuickParticlesd.prl
2026-08-09 01:39:55,706 - aqt.updater - INFO - updater 12000 Patching C:\Qt\6.8.3\msvc2022_64\lib\Qt6QuickShapes.prl
2026-08-09 01:39:55,727 - aqt.updater - INFO - updater 12000 Patching C:\Qt\6.8.3\msvc2022_64\lib\Qt6QuickShapesd.prl
2026-08-09 01:39:55,735 - aqt.updater - INFO - updater 12000 Patching C:\Qt\6.8.3\msvc2022_64\lib\Qt6QuickTemplates2.prl
2026-08-09 01:39:55,742 - aqt.updater - INFO - updater 12000 Patching C:\Qt\6.8.3\msvc2022_64\lib\Qt6QuickTemplates2d.prl
2026-08-09 01:39:55,750 - aqt.updater - INFO - updater 12000 Patching C:\Qt\6.8.3\msvc2022_64\lib\Qt6QuickTest.prl
2026-08-09 01:39:55,757 - aqt.updater - INFO - updater 12000 Patching C:\Qt\6.8.3\msvc2022_64\lib\Qt6QuickTestd.prl
2026-08-09 01:39:55,764 - aqt.updater - INFO - updater 12000 Patching C:\Qt\6.8.3\msvc2022_64\lib\Qt6QuickTestUtils.prl
2026-08-09 01:39:55,773 - aqt.updater - INFO - updater 12000 Patching C:\Qt\6.8.3\msvc2022_64\lib\Qt6QuickTestUtilsd.prl
2026-08-09 01:39:55,796 - aqt.updater - INFO - updater 12000 Patching C:\Qt\6.8.3\msvc2022_64\lib\Qt6QuickVectorImage.prl
2026-08-09 01:39:55,806 - aqt.updater - INFO - updater 12000 Patching C:\Qt\6.8.3\msvc2022_64\lib\Qt6QuickVectorImaged.prl
2026-08-09 01:39:55,812 - aqt.updater - INFO - updater 12000 Patching C:\Qt\6.8.3\msvc2022_64\lib\Qt6QuickVectorImageGenerator.prl
2026-08-09 01:39:55,831 - aqt.updater - INFO - updater 12000 Patching C:\Qt\6.8.3\msvc2022_64\lib\Qt6QuickVectorImageGeneratord.prl
2026-08-09 01:39:55,853 - aqt.updater - INFO - updater 12000 Patching C:\Qt\6.8.3\msvc2022_64\lib\Qt6QuickWidgets.prl
2026-08-09 01:39:55,872 - aqt.updater - INFO - updater 12000 Patching C:\Qt\6.8.3\msvc2022_64\lib\Qt6QuickWidgetsd.prl
2026-08-09 01:39:55,890 - aqt.updater - INFO - updater 12000 Patching C:\Qt\6.8.3\msvc2022_64\lib\Qt6ShaderTools.prl
2026-08-09 01:39:55,913 - aqt.updater - INFO - updater 12000 Patching C:\Qt\6.8.3\msvc2022_64\lib\Qt6ShaderToolsd.prl
2026-08-09 01:39:55,923 - aqt.updater - INFO - updater 12000 Patching C:\Qt\6.8.3\msvc2022_64\lib\Qt6SpatialAudio.prl
2026-08-09 01:39:55,931 - aqt.updater - INFO - updater 12000 Patching C:\Qt\6.8.3\msvc2022_64\lib\Qt6SpatialAudiod.prl
2026-08-09 01:39:55,939 - aqt.updater - INFO - updater 12000 Patching C:\Qt\6.8.3\msvc2022_64\lib\Qt6Sql.prl
2026-08-09 01:39:55,945 - aqt.updater - INFO - updater 12000 Patching C:\Qt\6.8.3\msvc2022_64\lib\Qt6Sqld.prl
2026-08-09 01:39:55,953 - aqt.updater - INFO - updater 12000 Patching C:\Qt\6.8.3\msvc2022_64\lib\Qt6Svg.prl
2026-08-09 01:39:55,960 - aqt.updater - INFO - updater 12000 Patching C:\Qt\6.8.3\msvc2022_64\lib\Qt6Svgd.prl
2026-08-09 01:39:55,984 - aqt.updater - INFO - updater 12000 Patching C:\Qt\6.8.3\msvc2022_64\lib\Qt6SvgWidgets.prl
2026-08-09 01:39:56,001 - aqt.updater - INFO - updater 12000 Patching C:\Qt\6.8.3\msvc2022_64\lib\Qt6SvgWidgetsd.prl
2026-08-09 01:39:56,008 - aqt.updater - INFO - updater 12000 Patching C:\Qt\6.8.3\msvc2022_64\lib\Qt6Test.prl
2026-08-09 01:39:56,029 - aqt.updater - INFO - updater 12000 Patching C:\Qt\6.8.3\msvc2022_64\lib\Qt6Testd.prl
2026-08-09 01:39:56,039 - aqt.updater - INFO - updater 12000 Patching C:\Qt\6.8.3\msvc2022_64\lib\Qt6UiTools.prl
2026-08-09 01:39:56,047 - aqt.updater - INFO - updater 12000 Patching C:\Qt\6.8.3\msvc2022_64\lib\Qt6UiToolsd.prl
2026-08-09 01:39:56,055 - aqt.updater - INFO - updater 12000 Patching C:\Qt\6.8.3\msvc2022_64\lib\Qt6WebSockets.prl
2026-08-09 01:39:56,061 - aqt.updater - INFO - updater 12000 Patching C:\Qt\6.8.3\msvc2022_64\lib\Qt6WebSocketsd.prl
2026-08-09 01:39:56,070 - aqt.updater - INFO - updater 12000 Patching C:\Qt\6.8.3\msvc2022_64\lib\Qt6Widgets.prl
2026-08-09 01:39:56,078 - aqt.updater - INFO - updater 12000 Patching C:\Qt\6.8.3\msvc2022_64\lib\Qt6Widgetsd.prl
2026-08-09 01:39:56,101 - aqt.updater - INFO - updater 12000 Patching C:\Qt\6.8.3\msvc2022_64\lib\Qt6Xml.prl
2026-08-09 01:39:56,120 - aqt.updater - INFO - updater 12000 Patching C:\Qt\6.8.3\msvc2022_64\lib\Qt6Xmld.prl
2026-08-09 01:39:56,141 - aqt.main - INFO - installer 12000 Finished installation
2026-08-09 01:39:56,141 - aqt.main - INFO - installer 12000 Time elapsed: 42.11565090 second
